[2026-05-02 00:13:29] [INFO] ================================================================================
[2026-05-02 00:13:29] [INFO] StageX Package Update Automation
[2026-05-02 00:13:29] [INFO] ================================================================================
[2026-05-02 00:13:29] [INFO] 
1. Computing build order from make dry-run...
[2026-05-02 00:13:30] [INFO]   Found 421 packages in build order
[2026-05-02 00:13:30] [INFO] 
2. Fetching release-monitoring.org data...
[2026-05-02 00:13:30] [INFO]   Fetching fresh release-monitoring data...
[2026-05-02 00:14:00] [ERROR]   Failed to fetch release-monitoring API: 504
[2026-05-02 00:14:00] [ERROR]   No release-monitoring data available
[2026-05-02 00:14:00] [INFO] 
3. Processing packages in build order...
[2026-05-02 00:14:00] [INFO] ================================================================================
[2026-05-02 00:14:00] [INFO] 
================================================================================
[2026-05-02 00:14:00] [INFO] Processing: expat (target: core-expat)
[2026-05-02 00:14:00] [INFO] ================================================================================
[2026-05-02 00:14:00] [INFO]   Current version: 2.6.2
[2026-05-02 00:14:00] [WARNING]   Package not found in release-monitoring.org
[2026-05-02 00:14:00] [INFO] 
================================================================================
[2026-05-02 00:14:00] [INFO] Processing: lzip (target: core-lzip)
[2026-05-02 00:14:00] [INFO] ================================================================================
[2026-05-02 00:14:00] [INFO]   Current version: 1.26
[2026-05-02 00:14:00] [WARNING]   Package not found in release-monitoring.org
[2026-05-02 00:14:00] [INFO] 
================================================================================
[2026-05-02 00:14:00] [INFO] Processing: icu (target: core-icu)
[2026-05-02 00:14:00] [INFO] ================================================================================
[2026-05-02 00:14:01] [INFO]   Current version: 74.2
[2026-05-02 00:14:01] [WARNING]   Package not found in release-monitoring.org
[2026-05-02 00:14:01] [INFO] 
================================================================================
[2026-05-02 00:14:01] [INFO] Processing: boost (target: core-boost)
[2026-05-02 00:14:01] [INFO] ================================================================================
[2026-05-02 00:14:01] [INFO]   Current version: 1.88.0
[2026-05-02 00:14:01] [WARNING]   Package not found in release-monitoring.org
[2026-05-02 00:14:01] [INFO] 
================================================================================
[2026-05-02 00:14:01] [INFO] Processing: fmt (target: core-fmt)
[2026-05-02 00:14:01] [INFO] ================================================================================
[2026-05-02 00:14:01] [INFO]   Current version: 12.1.0
[2026-05-02 00:14:01] [WARNING]   Package not found in release-monitoring.org
[2026-05-02 00:14:01] [INFO] 
================================================================================
[2026-05-02 00:14:01] [INFO] Processing: nlohmann-json (target: core-nlohmann-json)
[2026-05-02 00:14:01] [INFO] ================================================================================
[2026-05-02 00:14:01] [INFO]   Current version: 3.11.3
[2026-05-02 00:14:01] [WARNING]   Package not found in release-monitoring.org
[2026-05-02 00:14:01] [INFO] 
================================================================================
[2026-05-02 00:14:01] [INFO] Processing: range-v3 (target: core-range-v3)
[2026-05-02 00:14:01] [INFO] ================================================================================
