[2026-05-02 00:00:44] [INFO] ================================================================================
[2026-05-02 00:00:44] [INFO] StageX Package Update Automation
[2026-05-02 00:00:44] [INFO] ================================================================================
[2026-05-02 00:00:44] [INFO] 
1. Computing build order from make dry-run...
[2026-05-02 00:00:47] [INFO]   Found 421 packages in build order
[2026-05-02 00:00:47] [INFO] 
2. Fetching release-monitoring.org data...
[2026-05-02 00:01:18] [ERROR]   Failed to fetch release-monitoring API: 504
[2026-05-02 00:01:18] [INFO] 
3. Processing packages in build order...
[2026-05-02 00:01:18] [INFO] ================================================================================
[2026-05-02 00:01:18] [INFO] 
================================================================================
[2026-05-02 00:01:18] [INFO] Processing: expat (target: core-expat)
[2026-05-02 00:01:18] [INFO] ================================================================================
[2026-05-02 00:01:18] [INFO]   Current version: 2.6.2
[2026-05-02 00:01:18] [WARNING]   Package not found in release-monitoring.org
[2026-05-02 00:01:18] [INFO] 
================================================================================
[2026-05-02 00:01:18] [INFO] Processing: lzip (target: core-lzip)
[2026-05-02 00:01:18] [INFO] ================================================================================
[2026-05-02 00:01:18] [INFO]   Current version: 1.26
[2026-05-02 00:01:18] [WARNING]   Package not found in release-monitoring.org
[2026-05-02 00:01:18] [INFO] 
================================================================================
[2026-05-02 00:01:18] [INFO] Processing: icu (target: core-icu)
[2026-05-02 00:01:18] [INFO] ================================================================================
[2026-05-02 00:01:18] [INFO]   Current version: 74.2
[2026-05-02 00:01:18] [WARNING]   Package not found in release-monitoring.org
[2026-05-02 00:01:18] [INFO] 
================================================================================
[2026-05-02 00:01:18] [INFO] Processing: boost (target: core-boost)
[2026-05-02 00:01:18] [INFO] ================================================================================
[2026-05-02 00:01:18] [INFO]   Current version: 1.88.0
[2026-05-02 00:01:18] [WARNING]   Package not found in release-monitoring.org
[2026-05-02 00:01:18] [INFO] 
================================================================================
[2026-05-02 00:01:18] [INFO] Processing: fmt (target: core-fmt)
[2026-05-02 00:01:18] [INFO] ================================================================================
[2026-05-02 00:01:18] [INFO]   Current version: 12.1.0
[2026-05-02 00:01:18] [WARNING]   Package not found in release-monitoring.org
[2026-05-02 00:01:18] [INFO] 
================================================================================
[2026-05-02 00:01:18] [INFO] Processing: nlohmann-json (target: core-nlohmann-json)
[2026-05-02 00:01:18] [INFO] ================================================================================
[2026-05-02 00:01:18] [INFO]   Current version: 3.11.3
[2026-05-02 00:01:18] [WARNING]   Package not found in release-monitoring.org
[2026-05-02 00:01:18] [INFO] 
================================================================================
[2026-05-02 00:01:18] [INFO] Processing: range-v3 (target: core-range-v3)
[2026-05-02 00:01:18] [INFO] ================================================================================
[2026-05-02 00:01:18] [INFO]   Current version: 0.12.0
[2026-05-02 00:01:18] [WARNING]   Package not found in release-monitoring.org
[2026-05-02 00:01:18] [INFO] 
================================================================================
[2026-05-02 00:01:18] [INFO] Processing: solidity (target: core-solidity)
[2026-05-02 00:01:18] [INFO] ================================================================================
[2026-05-02 00:01:18] [INFO]   Current version: 0.8.30
[2026-05-02 00:01:18] [WARNING]   Package not found in release-monitoring.org
[2026-05-02 00:01:18] [INFO] 
================================================================================
[2026-05-02 00:01:18] [INFO] Processing: solidity (target: pallet-solidity)
[2026-05-02 00:01:18] [INFO] ================================================================================
[2026-05-02 00:01:18] [INFO]   Current version: 0.8.30
[2026-05-02 00:01:18] [WARNING]   Package not found in release-monitoring.org
[2026-05-02 00:01:18] [INFO] 
================================================================================
[2026-05-02 00:01:18] [INFO] Processing: gc (target: core-gc)
[2026-05-02 00:01:18] [INFO] ================================================================================
[2026-05-02 00:01:18] [INFO]   Current version: 8.2.12
[2026-05-02 00:01:18] [WARNING]   Package not found in release-monitoring.org
[2026-05-02 00:01:18] [INFO] 
================================================================================
[2026-05-02 00:01:18] [INFO] Processing: coreutils (target: core-coreutils)
[2026-05-02 00:01:18] [INFO] ================================================================================
[2026-05-02 00:01:18] [INFO]   Current version: 9.7
[2026-05-02 00:01:18] [WARNING]   Package not found in release-monitoring.org
[2026-05-02 00:01:18] [INFO] 
================================================================================
[2026-05-02 00:01:18] [INFO] Processing: argon2 (target: user-argon2)
[2026-05-02 00:01:18] [INFO] ================================================================================
[2026-05-02 00:01:18] [INFO]   Current version: 20190702
[2026-05-02 00:01:18] [WARNING]   Package not found in release-monitoring.org
[2026-05-02 00:01:18] [INFO] 
================================================================================
[2026-05-02 00:01:18] [INFO] Processing: libiconv (target: user-libiconv)
[2026-05-02 00:01:18] [INFO] ================================================================================
[2026-05-02 00:01:18] [INFO]   Current version: 1.17
[2026-05-02 00:01:18] [WARNING]   Package not found in release-monitoring.org
[2026-05-02 00:01:18] [INFO] 
================================================================================
[2026-05-02 00:01:18] [INFO] Processing: libzip (target: core-libzip)
[2026-05-02 00:01:18] [INFO] ================================================================================
[2026-05-02 00:01:18] [INFO]   Current version: 1.11.4
[2026-05-02 00:01:18] [WARNING]   Package not found in release-monitoring.org
[2026-05-02 00:01:18] [INFO] 
================================================================================
[2026-05-02 00:01:18] [INFO] Processing: libsodium (target: user-libsodium)
[2026-05-02 00:01:18] [INFO] ================================================================================
