[2026-05-02 00:02:52] [INFO] ================================================================================
[2026-05-02 00:02:52] [INFO] StageX Package Update Automation
[2026-05-02 00:02:52] [INFO] ================================================================================
[2026-05-02 00:02:52] [INFO] 
1. Computing build order from make dry-run...
[2026-05-02 00:02:53] [INFO]   Found 421 packages in build order
[2026-05-02 00:02:53] [INFO] 
2. Fetching release-monitoring.org data...
[2026-05-02 00:02:53] [INFO]   Fetching fresh release-monitoring data...
[2026-05-02 00:03:23] [ERROR]   Failed to fetch release-monitoring API: 504
[2026-05-02 00:03:23] [INFO] 
3. Processing packages in build order...
[2026-05-02 00:03:23] [INFO] ================================================================================
[2026-05-02 00:03:23] [INFO] 
================================================================================
[2026-05-02 00:03:23] [INFO] Processing: expat (target: core-expat)
[2026-05-02 00:03:23] [INFO] ================================================================================
[2026-05-02 00:03:23] [INFO]   Current version: 2.6.2
[2026-05-02 00:03:23] [WARNING]   Package not found in release-monitoring.org
[2026-05-02 00:03:23] [INFO] 
================================================================================
[2026-05-02 00:03:23] [INFO] Processing: lzip (target: core-lzip)
[2026-05-02 00:03:23] [INFO] ================================================================================
[2026-05-02 00:03:23] [INFO]   Current version: 1.26
[2026-05-02 00:03:23] [WARNING]   Package not found in release-monitoring.org
[2026-05-02 00:03:23] [INFO] 
================================================================================
[2026-05-02 00:03:23] [INFO] Processing: icu (target: core-icu)
[2026-05-02 00:03:23] [INFO] ================================================================================
[2026-05-02 00:03:23] [INFO]   Current version: 74.2
[2026-05-02 00:03:23] [WARNING]   Package not found in release-monitoring.org
[2026-05-02 00:03:23] [INFO] 
================================================================================
[2026-05-02 00:03:23] [INFO] Processing: boost (target: core-boost)
[2026-05-02 00:03:23] [INFO] ================================================================================
[2026-05-02 00:03:23] [INFO]   Current version: 1.88.0
[2026-05-02 00:03:23] [WARNING]   Package not found in release-monitoring.org
[2026-05-02 00:03:23] [INFO] 
================================================================================
[2026-05-02 00:03:23] [INFO] Processing: fmt (target: core-fmt)
[2026-05-02 00:03:23] [INFO] ================================================================================
[2026-05-02 00:03:23] [INFO]   Current version: 12.1.0
[2026-05-02 00:03:23] [WARNING]   Package not found in release-monitoring.org
[2026-05-02 00:03:23] [INFO] 
================================================================================
[2026-05-02 00:03:23] [INFO] Processing: nlohmann-json (target: core-nlohmann-json)
[2026-05-02 00:03:23] [INFO] ================================================================================
[2026-05-02 00:03:23] [INFO]   Current version: 3.11.3
[2026-05-02 00:03:23] [WARNING]   Package not found in release-monitoring.org
[2026-05-02 00:03:23] [INFO] 
================================================================================
[2026-05-02 00:03:23] [INFO] Processing: range-v3 (target: core-range-v3)
[2026-05-02 00:03:23] [INFO] ================================================================================
[2026-05-02 00:03:23] [INFO]   Current version: 0.12.0
[2026-05-02 00:03:23] [WARNING]   Package not found in release-monitoring.org
[2026-05-02 00:03:23] [INFO] 
================================================================================
[2026-05-02 00:03:23] [INFO] Processing: solidity (target: core-solidity)
[2026-05-02 00:03:23] [INFO] ================================================================================
[2026-05-02 00:03:23] [INFO]   Current version: 0.8.30
[2026-05-02 00:03:23] [WARNING]   Package not found in release-monitoring.org
[2026-05-02 00:03:23] [INFO] 
================================================================================
[2026-05-02 00:03:23] [INFO] Processing: solidity (target: pallet-solidity)
[2026-05-02 00:03:23] [INFO] ================================================================================
[2026-05-02 00:03:23] [INFO]   Current version: 0.8.30
[2026-05-02 00:03:23] [WARNING]   Package not found in release-monitoring.org
[2026-05-02 00:03:23] [INFO] 
================================================================================
[2026-05-02 00:03:23] [INFO] Processing: gc (target: core-gc)
[2026-05-02 00:03:23] [INFO] ================================================================================
[2026-05-02 00:03:23] [INFO]   Current version: 8.2.12
[2026-05-02 00:03:23] [WARNING]   Package not found in release-monitoring.org
[2026-05-02 00:03:23] [INFO] 
================================================================================
[2026-05-02 00:03:23] [INFO] Processing: coreutils (target: core-coreutils)
[2026-05-02 00:03:23] [INFO] ================================================================================
[2026-05-02 00:03:23] [INFO]   Current version: 9.7
[2026-05-02 00:03:23] [WARNING]   Package not found in release-monitoring.org
[2026-05-02 00:03:23] [INFO] 
================================================================================
[2026-05-02 00:03:23] [INFO] Processing: argon2 (target: user-argon2)
[2026-05-02 00:03:23] [INFO] ================================================================================
[2026-05-02 00:03:23] [INFO]   Current version: 20190702
[2026-05-02 00:03:23] [WARNING]   Package not found in release-monitoring.org
[2026-05-02 00:03:23] [INFO] 
================================================================================
[2026-05-02 00:03:23] [INFO] Processing: libiconv (target: user-libiconv)
[2026-05-02 00:03:23] [INFO] ================================================================================
[2026-05-02 00:03:23] [INFO]   Current version: 1.17
[2026-05-02 00:03:23] [WARNING]   Package not found in release-monitoring.org
[2026-05-02 00:03:23] [INFO] 
================================================================================
[2026-05-02 00:03:23] [INFO] Processing: libzip (target: core-libzip)
[2026-05-02 00:03:23] [INFO] ================================================================================
[2026-05-02 00:03:23] [INFO]   Current version: 1.11.4
[2026-05-02 00:03:23] [WARNING]   Package not found in release-monitoring.org
[2026-05-02 00:03:23] [INFO] 
================================================================================
[2026-05-02 00:03:23] [INFO] Processing: libsodium (target: user-libsodium)
[2026-05-02 00:03:23] [INFO] ================================================================================
[2026-05-02 00:03:23] [INFO]   Current version: 1.0.20
[2026-05-02 00:03:23] [WARNING]   Package not found in release-monitoring.org
[2026-05-02 00:03:23] [INFO] 
================================================================================
[2026-05-02 00:03:23] [INFO] Processing: php (target: core-php)
[2026-05-02 00:03:23] [INFO] ================================================================================
[2026-05-02 00:03:23] [INFO]   Current version: 8.5.5
[2026-05-02 00:03:23] [WARNING]   Package not found in release-monitoring.org
[2026-05-02 00:03:23] [INFO] 
================================================================================
[2026-05-02 00:03:23] [INFO] Processing: php-phar (target: core-php-phar)
[2026-05-02 00:03:23] [INFO] ================================================================================
[2026-05-02 00:03:23] [WARNING]   Package not found in tree
[2026-05-02 00:03:23] [INFO] 
================================================================================
[2026-05-02 00:03:23] [INFO] Processing: php-filter (target: core-php-filter)
[2026-05-02 00:03:23] [INFO] ================================================================================
[2026-05-02 00:03:23] [WARNING]   Package not found in tree
[2026-05-02 00:03:23] [INFO] 
================================================================================
[2026-05-02 00:03:23] [INFO] Processing: php-openssl (target: core-php-openssl)
[2026-05-02 00:03:23] [INFO] ================================================================================
[2026-05-02 00:03:23] [WARNING]   Package not found in tree
[2026-05-02 00:03:23] [INFO] 
================================================================================
[2026-05-02 00:03:23] [INFO] Processing: php-curl (target: core-php-curl)
[2026-05-02 00:03:23] [INFO] ================================================================================
[2026-05-02 00:03:23] [WARNING]   Package not found in tree
[2026-05-02 00:03:23] [INFO] 
================================================================================
[2026-05-02 00:03:23] [INFO] Processing: php-zlib (target: core-php-zlib)
[2026-05-02 00:03:23] [INFO] ================================================================================
[2026-05-02 00:03:23] [WARNING]   Package not found in tree
[2026-05-02 00:03:23] [INFO] 
================================================================================
[2026-05-02 00:03:23] [INFO] Processing: php-zip (target: core-php-zip)
[2026-05-02 00:03:23] [INFO] ================================================================================
[2026-05-02 00:03:23] [WARNING]   Package not found in tree
[2026-05-02 00:03:23] [INFO] 
================================================================================
[2026-05-02 00:03:23] [INFO] Processing: composer (target: core-composer)
[2026-05-02 00:03:23] [INFO] ================================================================================
[2026-05-02 00:03:23] [INFO]   Current version: 2.9.5
[2026-05-02 00:03:23] [WARNING]   Package not found in release-monitoring.org
[2026-05-02 00:03:23] [INFO] 
================================================================================
[2026-05-02 00:03:23] [INFO] Processing: rust (target: core-rust)
[2026-05-02 00:03:23] [INFO] ================================================================================
[2026-05-02 00:03:23] [INFO]   Current version: 1.94.0
[2026-05-02 00:03:23] [WARNING]   Package not found in release-monitoring.org
[2026-05-02 00:03:23] [INFO] 
================================================================================
[2026-05-02 00:03:23] [INFO] Processing: rust-bindgen (target: core-rust-bindgen)
[2026-05-02 00:03:23] [INFO] ================================================================================
